== Dose-response PILOT ==  device=mps  N=40000  modes=['none', 'l1', 'softmax']  K=30  grid=[0.05, 0.1, 0.15, 0.2, 0.25, 0.3, 0.35, 0.4, 0.5, 0.6]

[none] 5 concepts, 6s
[l1] 5 concepts, 12s
[softmax] 5 concepts, 18s

====================================================================================
REALISED keyword share  (rows=mode, cols=commanded p)
    mode |   ctrl |  0.05  0.10  0.15  0.20  0.25  0.30  0.35  0.40  0.50  0.60
------------------------------------------------------------------------------------
    none |   0.02 |  0.03  0.09  0.29  0.58  0.79  0.89  0.93  0.94  0.94  0.94
      l1 |   0.02 |  0.03  0.08  0.24  0.53  0.77  0.87  0.90  0.91  0.92  0.92
 softmax |   0.02 |  0.03  0.11  0.37  0.64  0.81  0.92  0.96  0.97  0.98  0.98

====================================================================================
REALISED SAE-fires share  (rows=mode, cols=commanded p)
    mode |   ctrl |  0.05  0.10  0.15  0.20  0.25  0.30  0.35  0.40  0.50  0.60
------------------------------------------------------------------------------------
    none |   0.01 |  0.02  0.09  0.30  0.62  0.84  0.95  0.99  1.00  1.00  1.00
      l1 |   0.02 |  0.03  0.09  0.29  0.62  0.88  0.98  1.00  1.00  1.00  1.00
 softmax |   0.01 |  0.02  0.12  0.38  0.66  0.83  0.95  0.98  0.99  1.00  1.00

====================================================================================
REALISED centroid-cosine (continuous)  (rows=mode, cols=commanded p)
    mode |   ctrl |  0.05  0.10  0.15  0.20  0.25  0.30  0.35  0.40  0.50  0.60
------------------------------------------------------------------------------------
    none |   0.36 |  0.38  0.42  0.52  0.69  0.81  0.86  0.89  0.89  0.90  0.90
      l1 |   0.34 |  0.38  0.41  0.50  0.66  0.81  0.87  0.89  0.90  0.90  0.91
 softmax |   0.33 |  0.37  0.42  0.55  0.70  0.80  0.86  0.89  0.90  0.91  0.91
====================================================================================

Lettura: se la riga sale ~linearmente con p -> quadrante (controllo proporzionale).
Se salta da ~ctrl a ~saturazione e resta piatta -> interruttore binario (null onesto).

saved -> /Users/rinaldofesta/Projects/Personal/spherical_sae_repo/results/proof/pilot_calibration.json
